<html>
<body>
<pre>
<h1>µVision Build Log</h1>
<h2>Tool Versions:</h2>
IDE-Version: µVision V5.23.0.0
Copyright (C) 2017 ARM Ltd and ARM Germany GmbH. All rights reserved.
License Information: Vladislav Vlasenko, SPbSTU, LIC=----
 
Tool Versions:
Toolchain:       MDK-Lite  Version: 5.23
Toolchain Path:  C:\keil\Keil_v5\ARM\ARMCC\Bin
C Compiler:      Armcc.exe V5.06 update 4 (build 422)
Assembler:       Armasm.exe V5.06 update 4 (build 422)
Linker/Locator:  ArmLink.exe V5.06 update 4 (build 422)
Library Manager: ArmAr.exe V5.06 update 4 (build 422)
Hex Converter:   FromElf.exe V5.06 update 4 (build 422)
CPU DLL:         SARMCM3.DLL V5.23
Dialog DLL:      DARMSTM.DLL V1.68.0.0
Target DLL:      STLink\ST-LINKIII-KEIL_SWO.dll V2.0.18.0
Dialog DLL:      TARMSTM.DLL V1.66.0.0
 
<h2>Project:</h2>
C:\GitKeil\assignment_0_Vlasenko_Vladislav\dummy.uvproj
Project File Date:  02/21/2018

<h2>Output:</h2>
*** Using Compiler 'V5.06 update 4 (build 422)', folder: 'C:\keil\Keil_v5\ARM\ARMCC\Bin'
Rebuild target 'Target 1'
assembling startup_stm32f103xb.s...
compiling system_stm32f10x.c...
compiling main.c...
src\main\main.c(31): warning:  #111-D: statement is unreachable
    return 0;
src\main\main.c(48): warning:  #1-D: last line of file ends without a newline
  }
src\main\main.c: 2 warnings, 0 errors
linking...
Program Size: Code=1032 RO-data=268 RW-data=24 ZI-data=1120  
FromELF: creating hex file...
".\obj\dummy.axf" - 0 Error(s), 2 Warning(s).
Build Time Elapsed:  00:00:01
</pre>
</body>
</html>
