<html>
<body>
<pre>
<h1>µVision Build Log</h1>
<h2>Tool Versions:</h2>
IDE-Version: µVision V5.23.0.0
Copyright (C) 2017 ARM Ltd and ARM Germany GmbH. All rights reserved.
License Information: Vladislav Vlasenko, SPbSTU, LIC=----
 
Tool Versions:
Toolchain:       MDK-Lite  Version: 5.23
Toolchain Path:  G:\Keil_v5\ARM\ARMCC\Bin
C Compiler:      Armcc.exe V5.06 update 4 (build 422)
Assembler:       Armasm.exe V5.06 update 4 (build 422)
Linker/Locator:  ArmLink.exe V5.06 update 4 (build 422)
Library Manager: ArmAr.exe V5.06 update 4 (build 422)
Hex Converter:   FromElf.exe V5.06 update 4 (build 422)
CPU DLL:         SARMCM3.DLL V5.23
Dialog DLL:      DARMSTM.DLL V1.68.0.0
Target DLL:      STLink\ST-LINKIII-KEIL_SWO.dll V2.0.18.0
Dialog DLL:      TARMSTM.DLL V1.66.0.0
 
<h2>Project:</h2>
G:\GitKeil\assignment_2_Vlasenko_Vladislav\dummy.uvproj
Project File Date:  04/07/2018

<h2>Output:</h2>
*** Using Compiler 'V5.06 update 4 (build 422)', folder: 'G:\Keil_v5\ARM\ARMCC\Bin'
Rebuild target 'Target 1'
assembling startup_stm32f103xb.s...
compiling main.c...
src\main\main.c(79): warning:  #111-D: statement is unreachable
    return 0;
src\main\main.c: 1 warning, 0 errors
compiling misc.c...
compiling system_stm32f10x.c...
compiling stm32f10x_gpio.c...
compiling stm32f10x_rcc.c...
compiling stm32f10x_tim.c...
linking...
Program Size: Code=24404 RO-data=556 RW-data=40 ZI-data=1840  
FromELF: creating hex file...
After Build - User command #1: G:\GitKeil\AStyle\bin\AStyle.exe G:\GitKeil\assignment_2_Vlasenko_Vladislav\/src/main/main.c --style=java --indent=spaces=2
‘ÓÏ‡ÚËÓ‚‡ÌÌ˚È  G:\GitKeil\assignment_2_Vlasenko_Vladislav\\src\main\main.c
".\obj\dummy.axf" - 0 Error(s), 1 Warning(s).
Build Time Elapsed:  00:00:05
</pre>
</body>
</html>
